Monitoring boot status for iPhone 18 Pro (7C917B9E-CD70-4D57-8D9C-56B9188CC719).
Device already booted, nothing to do.

Command line invocation:
    /Applications/Xcode.app/Contents/Developer/usr/bin/xcodebuild -project /Users/elsterlee/Dev/NeoDizzy/NeoDizzy.xcodeproj -scheme NeoDizzy -configuration Debug -destination "platform=iOS Simulator,id=7C917B9E-CD70-4D57-8D9C-56B9188CC719" -derivedDataPath /Users/elsterlee/Dev/NeoDizzy/DerivedData -onlyUsePackageVersionsFromResolvedFile -parallel-testing-enabled NO CODE_SIGNING_ALLOWED=NO build

Build settings from command line:
    CODE_SIGNING_ALLOWED = NO

Resolve Package Graph


Resolved source packages:
  Nuke: https://github.com/kean/Nuke @ 13.2.0
  ZIPFoundation: https://github.com/weichsel/ZIPFoundation @ 0.9.20
  SwiftSoup: https://github.com/scinfu/SwiftSoup @ 2.13.9

ComputePackagePrebuildTargetDependencyGraph

Prepare packages

CreateBuildRequest

SendProjectDescription

CreateBuildOperation

ComputeTargetDependencyGraph
note: Building targets in dependency order
note: Target dependency graph (10 targets)
    Target 'NeoDizzy' in project 'NeoDizzy'
        ➜ Explicit dependency on target 'SwiftSoup-product' in project 'SwiftSoup'
        ➜ Explicit dependency on target 'Nuke-product' in project 'Nuke'
        ➜ Explicit dependency on target 'NukeUI-product' in project 'Nuke'
        ➜ Explicit dependency on target 'ZIPFoundation-product' in project 'ZIPFoundation'
    Target 'ZIPFoundation-product' in project 'ZIPFoundation'
        ➜ Explicit dependency on target 'ZIPFoundation' in project 'ZIPFoundation'
        ➜ Explicit dependency on target 'ZIPFoundation_ZIPFoundation' in project 'ZIPFoundation'
    Target 'ZIPFoundation' in project 'ZIPFoundation'
        ➜ Explicit dependency on target 'ZIPFoundation_ZIPFoundation' in project 'ZIPFoundation'
    Target 'ZIPFoundation_ZIPFoundation' in project 'ZIPFoundation' (no dependencies)
    Target 'NukeUI-product' in project 'Nuke'
        ➜ Explicit dependency on target 'NukeUI' in project 'Nuke'
        ➜ Explicit dependency on target 'Nuke' in project 'Nuke'
    Target 'NukeUI' in project 'Nuke'
        ➜ Explicit dependency on target 'Nuke' in project 'Nuke'
    Target 'Nuke-product' in project 'Nuke'
        ➜ Explicit dependency on target 'Nuke' in project 'Nuke'
    Target 'Nuke' in project 'Nuke' (no dependencies)
    Target 'SwiftSoup-product' in project 'SwiftSoup'
        ➜ Explicit dependency on target 'SwiftSoup' in project 'SwiftSoup'
    Target 'SwiftSoup' in project 'SwiftSoup' (no dependencies)

GatherProvisioningInputs

CreateBuildDescription

ExecuteExternalTool /Applications/Xcode.app/Contents/Developer/Toolchains/XcodeDefault.xctoolchain/usr/bin/swiftc --version

ExecuteExternalTool /Applications/Xcode.app/Contents/Developer/Toolchains/XcodeDefault.xctoolchain/usr/bin/clang -v -E -dM -isysroot /Applications/Xcode.app/Contents/Developer/Platforms/iPhoneSimulator.platform/Developer/SDKs/iPhoneSimulator27.0.sdk -x c -c /dev/null

ExecuteExternalTool /Applications/Xcode.app/Contents/Developer/usr/bin/actool --print-asset-tag-combinations --output-format xml1 /Users/elsterlee/Dev/NeoDizzy/NeoDizzy/Resources/AppIcons/NeoDizzyIcon.icon /Users/elsterlee/Dev/NeoDizzy/NeoDizzy/Resources/Assets.xcassets

ExecuteExternalTool /Applications/Xcode.app/Contents/Developer/usr/bin/actool --version --output-format xml1

ExecuteExternalTool /Applications/Xcode.app/Contents/Developer/Toolchains/XcodeDefault.xctoolchain/usr/bin/ld -version_details

Build description signature: d88b1ae32b89f47fdd97f938f3090283
Build description path: /Users/elsterlee/Dev/NeoDizzy/DerivedData/Build/Intermediates.noindex/XCBuildData/d88b1ae32b89f47fdd97f938f3090283.xcbuilddata
ClangStatCache /Applications/Xcode.app/Contents/Developer/Toolchains/XcodeDefault.xctoolchain/usr/bin/clang-stat-cache /Applications/Xcode.app/Contents/Developer/Platforms/iPhoneSimulator.platform/Developer/SDKs/iPhoneSimulator27.0.sdk /Users/elsterlee/Dev/NeoDizzy/DerivedData/SDKStatCaches.noindex/iphonesimulator27.0-24A430-e829b21a6f8c9b70876ba0858053c0448dc58220667be655e1bcc261a7455254.sdkstatcache
    cd /Users/elsterlee/Dev/NeoDizzy/NeoDizzy.xcodeproj
    /Applications/Xcode.app/Contents/Developer/Toolchains/XcodeDefault.xctoolchain/usr/bin/clang-stat-cache /Applications/Xcode.app/Contents/Developer/Platforms/iPhoneSimulator.platform/Developer/SDKs/iPhoneSimulator27.0.sdk -o /Users/elsterlee/Dev/NeoDizzy/DerivedData/SDKStatCaches.noindex/iphonesimulator27.0-24A430-e829b21a6f8c9b70876ba0858053c0448dc58220667be655e1bcc261a7455254.sdkstatcache

ProcessInfoPlistFile /Users/elsterlee/Dev/NeoDizzy/DerivedData/Build/Products/Debug-iphonesimulator/ZIPFoundation_ZIPFoundation.bundle/Info.plist /Users/elsterlee/Dev/NeoDizzy/DerivedData/Build/Intermediates.noindex/ZIPFoundation.build/Debug-iphonesimulator/ZIPFoundation_ZIPFoundation-b.build/empty-ZIPFoundation_ZIPFoundation.plist (in target 'ZIPFoundation_ZIPFoundation' from project 'ZIPFoundation')
    cd /Users/elsterlee/Dev/NeoDizzy/DerivedData/SourcePackages/checkouts/ZIPFoundation
    builtin-infoPlistUtility /Users/elsterlee/Dev/NeoDizzy/DerivedData/Build/Intermediates.noindex/ZIPFoundation.build/Debug-iphonesimulator/ZIPFoundation_ZIPFoundation-b.build/empty-ZIPFoundation_ZIPFoundation.plist -producttype com.apple.product-type.bundle -expandbuildsettings -format binary -platform iphonesimulator -o /Users/elsterlee/Dev/NeoDizzy/DerivedData/Build/Products/Debug-iphonesimulator/ZIPFoundation_ZIPFoundation.bundle/Info.plist

ProcessInfoPlistFile /Users/elsterlee/Dev/NeoDizzy/DerivedData/Build/Products/Debug-iphonesimulator/NeoDizzy.app/Info.plist /Users/elsterlee/Dev/NeoDizzy/NeoDizzy/Info.plist (in target 'NeoDizzy' from project 'NeoDizzy')
    cd /Users/elsterlee/Dev/NeoDizzy
    builtin-infoPlistUtility /Users/elsterlee/Dev/NeoDizzy/NeoDizzy/Info.plist -producttype com.apple.product-type.application -genpkginfo /Users/elsterlee/Dev/NeoDizzy/DerivedData/Build/Products/Debug-iphonesimulator/NeoDizzy.app/PkgInfo -expandbuildsettings -format binary -platform iphonesimulator -additionalcontentfile /Users/elsterlee/Dev/NeoDizzy/DerivedData/Build/Intermediates.noindex/NeoDizzy.build/Debug-iphonesimulator/NeoDizzy.build/assetcatalog_generated_info.plist -scanforprivacyfile /Users/elsterlee/Dev/NeoDizzy/DerivedData/Build/Products/Debug-iphonesimulator/NeoDizzy.app/ZIPFoundation_ZIPFoundation.bundle -o /Users/elsterlee/Dev/NeoDizzy/DerivedData/Build/Products/Debug-iphonesimulator/NeoDizzy.app/Info.plist

CopySwiftLibs /Users/elsterlee/Dev/NeoDizzy/DerivedData/Build/Products/Debug-iphonesimulator/NeoDizzy.app (in target 'NeoDizzy' from project 'NeoDizzy')
    cd /Users/elsterlee/Dev/NeoDizzy
    builtin-swiftStdLibTool --copy --verbose --scan-executable /Users/elsterlee/Dev/NeoDizzy/DerivedData/Build/Products/Debug-iphonesimulator/NeoDizzy.app/NeoDizzy.debug.dylib --scan-folder /Users/elsterlee/Dev/NeoDizzy/DerivedData/Build/Products/Debug-iphonesimulator/NeoDizzy.app/Frameworks --scan-folder /Users/elsterlee/Dev/NeoDizzy/DerivedData/Build/Products/Debug-iphonesimulator/NeoDizzy.app/PlugIns --scan-folder /Users/elsterlee/Dev/NeoDizzy/DerivedData/Build/Products/Debug-iphonesimulator/NeoDizzy.app/SystemExtensions --scan-folder /Users/elsterlee/Dev/NeoDizzy/DerivedData/Build/Products/Debug-iphonesimulator/NeoDizzy.app/Extensions --platform iphonesimulator --toolchain /var/run/com.apple.security.cryptexd/mnt/com.apple.MobileAsset.MetalToolchain-v27.1.266.1.QXhkIn/Metal.xctoolchain --toolchain /Applications/Xcode.app/Contents/Developer/Toolchains/XcodeDefault.xctoolchain --destination /Users/elsterlee/Dev/NeoDizzy/DerivedData/Build/Products/Debug-iphonesimulator/NeoDizzy.app/Frameworks --strip-bitcode --strip-bitcode-tool /Applications/Xcode.app/Contents/Developer/Toolchains/XcodeDefault.xctoolchain/usr/bin/bitcode_strip --emit-dependency-info /Users/elsterlee/Dev/NeoDizzy/DerivedData/Build/Intermediates.noindex/NeoDizzy.build/Debug-iphonesimulator/NeoDizzy.build/SwiftStdLibToolInputDependencies.dep --filter-for-swift-os
Ignoring --strip-bitcode because --sign was not passed

PruneExplicitPrecompiledModules /Users/elsterlee/Dev/NeoDizzy/DerivedData/SDKExplicitPrecompiledModules

PruneExplicitPrecompiledModules /Users/elsterlee/Dev/NeoDizzy/DerivedData/Build/Intermediates.noindex/SwiftExplicitPrecompiledModules

PruneExplicitPrecompiledModules /Users/elsterlee/Dev/NeoDizzy/DerivedData/Build/Intermediates.noindex/ExplicitPrecompiledModules

** BUILD SUCCEEDED **

com.elsterlee.NeoDizzy: 22745
App 已启动；可在 Xcode 的模拟器运行界面查看。
